// Jest Snapshot v1, https://goo.gl/fbAQLP

exports[`renders correctly 1`] = `
<Text
  href="http://u3.xyz"
  onPress={[Function]}
  role="link"
>
  U3
</Text>
`;
